
> pass-ve-phim@1.0.0 build
> next build

  â–² Next.js 14.2.33
  - Environments: .env.local

   Creating an optimized production build ...
 âœ“ Compiled successfully
   Linting and checking validity of types ...

./app/chat/[roomId]/page.tsx
19:6  Warning: React Hook useEffect has a missing dependency: 'fetchRoom'. Either include it or remove the dependency array.  react-hooks/exhaustive-deps

./app/my-tickets/page.tsx
50:6  Warning: React Hook useEffect has a missing dependency: 'loadTickets'. Either include it or remove the dependency array.  react-hooks/exhaustive-deps

./app/post/[id]/page.tsx
104:19  Warning: Using `<img>` could result in slower LCP and higher bandwidth. Consider using `<Image />` from `next/image` to automatically optimize images. This may incur additional usage or cost from your provider. See: https://nextjs.org/docs/messages/no-img-element  @next/next/no-img-element

./app/profile/page.tsx
60:6  Warning: React Hook useEffect has a missing dependency: 'loadData'. Either include it or remove the dependency array.  react-hooks/exhaustive-deps

./components/AdminDashboard.tsx
146:15  Warning: Image elements must have an alt prop, either with meaningful text, or an empty string for decorative images.  jsx-a11y/alt-text

./components/BuyTicketModal.tsx
278:17  Warning: Using `<img>` could result in slower LCP and higher bandwidth. Consider using `<Image />` from `next/image` to automatically optimize images. This may incur additional usage or cost from your provider. See: https://nextjs.org/docs/messages/no-img-element  @next/next/no-img-element

./components/ChatModal.tsx
80:6  Warning: React Hook useEffect has a missing dependency: 'createOrGetRoom'. Either include it or remove the dependency array.  react-hooks/exhaustive-deps
89:6  Warning: React Hook useEffect has a missing dependency: 'fetchMessages'. Either include it or remove the dependency array.  react-hooks/exhaustive-deps

./components/ChatSidebar.tsx
46:6  Warning: React Hook useEffect has a missing dependency: 'fetchRooms'. Either include it or remove the dependency array.  react-hooks/exhaustive-deps

./components/Header.tsx
71:21  Warning: Using `<img>` could result in slower LCP and higher bandwidth. Consider using `<Image />` from `next/image` to automatically optimize images. This may incur additional usage or cost from your provider. See: https://nextjs.org/docs/messages/no-img-element  @next/next/no-img-element

./components/HeaderChatButton.tsx
23:6  Warning: React Hook useEffect has a missing dependency: 'fetchUnreadCount'. Either include it or remove the dependency array.  react-hooks/exhaustive-deps

./components/home/ticket-grid.tsx
17:6  Warning: React Hook useEffect has a missing dependency: 'fetchTickets'. Either include it or remove the dependency array.  react-hooks/exhaustive-deps

./components/layout/navbar.tsx
71:23  Warning: Using `<img>` could result in slower LCP and higher bandwidth. Consider using `<Image />` from `next/image` to automatically optimize images. This may incur additional usage or cost from your provider. See: https://nextjs.org/docs/messages/no-img-element  @next/next/no-img-element

./components/profile/profile-content.tsx
60:19  Warning: Using `<img>` could result in slower LCP and higher bandwidth. Consider using `<Image />` from `next/image` to automatically optimize images. This may incur additional usage or cost from your provider. See: https://nextjs.org/docs/messages/no-img-element  @next/next/no-img-element

./components/ProfileTabs.tsx
57:6  Warning: React Hook useEffect has a missing dependency: 'loadData'. Either include it or remove the dependency array.  react-hooks/exhaustive-deps

./components/sell/sell-ticket-form.tsx
203:25  Warning: Using `<img>` could result in slower LCP and higher bandwidth. Consider using `<Image />` from `next/image` to automatically optimize images. This may incur additional usage or cost from your provider. See: https://nextjs.org/docs/messages/no-img-element  @next/next/no-img-element

./components/ticket/chat-box.tsx
35:6  Warning: React Hook useEffect has a missing dependency: 'createOrGetRoom'. Either include it or remove the dependency array.  react-hooks/exhaustive-deps
44:6  Warning: React Hook useEffect has a missing dependency: 'fetchMessages'. Either include it or remove the dependency array.  react-hooks/exhaustive-deps

./components/TicketCard.tsx
296:19  Warning: Using `<img>` could result in slower LCP and higher bandwidth. Consider using `<Image />` from `next/image` to automatically optimize images. This may incur additional usage or cost from your provider. See: https://nextjs.org/docs/messages/no-img-element  @next/next/no-img-element

info  - Need to disable some ESLint rules? Learn more here: https://nextjs.org/docs/basic-features/eslint#disabling-rules
node.exe : Failed to compile.
At line:1 char:1
+ & "C:\Program Files\nodejs/node.exe" "C:\Program Files\nodejs/node_mo ...
+ ~~~~~~~~~~~~~~~~~~~~~~~~~~~~~~~~~~~~~~~~~~~~~~~~~~~~~~~~~~~~~~~~~~~~~
    + CategoryInfo          : NotSpecified: (Failed to compile.:String) [], Re 
   moteException
    + FullyQualifiedErrorId : NativeCommandError
 

./app/api/tickets/[id]/buy/route.ts:65:9
Type error: This comparison appears to be unintentional because the types 
'"approved"' and '"on_hold"' have no overlap.

[0m [90m 63 |[39m[0m
[0m [90m 64 |[39m     [90m// Check if ticket is already on hold or 
sold[39m[0m
[0m[31m[1m>[22m[39m[90m 65 |[39m     [36mif[39m 
(ticket[33m.[39mstatus [33m===[39m [32m"on_hold"[39m [33m||[39m 
ticket[33m.[39mstatus [33m===[39m [32m"sold"[39m) {[0m
[0m [90m    |[39m         [31m[1m^[22m[39m[0m
[0m [90m 66 |[39m       [36mreturn[39m 
[33mNextResponse[39m[33m.[39mjson([0m
[0m [90m 67 |[39m         { error[33m:[39m [32m"VĂ© Ä‘Ă£ Ä‘Æ°á»£c giá»¯ 
hoáº·c Ä‘Ă£ bĂ¡n"[39m }[33m,[39m[0m
[0m [90m 68 |[39m         { status[33m:[39m [35m400[39m }[0m
Next.js build worker exited with code: 1 and signal: null
